exports[`test LoginForm renders correctly 1`] = `
<form
  className="loginForm"
  onSubmit={[Function]}>
  <input
    autoFocus={true}
    name="user"
    onChange={[Function]}
    placeholder="user"
    type="text"
    value="" />
  <input
    name="password"
    onChange={[Function]}
    placeholder="password"
    type="password"
    value="" />
  <input
    type="submit"
    value="log in" />
</form>
`;
