exports[`test renders correctly 1`] = `
<div
  className="loginPage">
  <div>
    <div
      className="hello">
      <img
        alt="Logo"
        src="logo.png" />
      <h2>
        Prioritize your
         
        ideas with your
         
        team.
      </h2>
    </div>
    <div
      className="loginForm">
      <input
        placeholder="user"
        type="text" />
      <input
        placeholder="password"
        type="password" />
      <button>
        log in
      </button>
    </div>
  </div>
</div>
`;
