exports[`test renders correctly 1`] = `
<div
  className="loginPage"
  style={
    Object {
      "display": "none",
    }
  }>
  <div>
    <div
      className="hello">
      <img
        alt="Logo"
        src="logo.png" />
      <h2>
        Prioritize your
         
        ideas with your
         
        team.
      </h2>
    </div>
    <form
      className="loginForm"
      onSubmit={[Function]}>
      <input
        autoFocus={true}
        name="user"
        onChange={[Function]}
        placeholder="user"
        type="text"
        value="" />
      <input
        name="password"
        onChange={[Function]}
        placeholder="password"
        type="password"
        value="" />
      <input
        type="submit"
        value="log in" />
    </form>
  </div>
</div>
`;
